LG2 | 28 bits | 0x8810089
Raw Timing[59]:
   +  3190, -  9930,    +   542, -  1556,    +   512, -   516,    +   540, -   506,
   +   540, -   524,    +   514, -  1544,    +   540, -   524,    +   514, -   532,
   +   514, -   506,    +   540, -   506,    +   514, -   540,    +   540, -   506,
   +   540, -  1570,    +   516, -   504,    +   540, -   532,    +   512, -   516,
   +   540, -   506,    +   540, -   532,    +   514, -   524,    +   514, -   524,
   +   514, -   524,    +   514, -  1544,    +   540, -   524,    +   516, -   504,
   +   540, -   524,    +   514, -  1570,    +   512, -   516,    +   540, -   524,
   +   514, -  1552,    +   540


LG2 | 28 bits | 0x880834F
Raw Timing[59]:
   +  3426, -  9886,    +   566, -  1554,    +   516, -   522,    +   514, -   524,
   +   516, -   522,    +   516, -  1542,    +   542, -   522,    +   516, -   524,
   +   516, -   504,    +   514, -   540,    +   542, -   504,    +   542, -   522,
   +   516, -   522,    +   516, -  1568,    +   516, -   522,    +   516, -   530,
   +   516, -   504,    +   542, -   522,    +   516, -   522,    +   516, -  1558,
   +   542, -  1562,    +   512, -   516,    +   540, -  1570,    +   516, -   504,
   +   542, -   522,    +   516, -  1568,    +   516, -  1562,    +   516, -  1570,
   +   516, -  1544,    +   542


LG2 | 28 bits | 0x8810089
Raw Timing[59]:
   +  3216, -  9898,    +   558, -  1552,    +   542, -   504,    +   542, -   522,
   +   516, -   530,    +   488, -  1586,    +   542, -   504,    +   542, -   504,
   +   542, -   522,    +   516, -   522,    +   514, -   506,    +   542, -   522,
   +   516, -  1562,    +   490, -   540,    +   542, -   504,    +   542, -   504,
   +   542, -   530,    +   516, -   530,    +   516, -   504,    +   542, -   522,
   +   516, -   504,    +   514, -  1586,    +   542, -   522,    +   516, -   522,
   +   516, -   504,    +   542, -  1562,    +   516, -   504,    +   542, -   522,
   +   488, -  1586,    +   542


LG2 | 28 bits | 0x880834F
Raw Timing[59]:
   +  3430, -  9900,    +   538, -  1552,    +   542, -   522,    +   516, -   530,
   +   516, -   504,    +   542, -  1550,    +   542, -   522,    +   488, -   540,
   +   542, -   504,    +   542, -   502,    +   544, -   520,    +   516, -   522,
   +   518, -   522,    +   516, -  1550,    +   544, -   502,    +   544, -   502,
   +   516, -   538,    +   544, -   502,    +   542, -   522,    +   518, -  1542,
   +   542, -  1542,    +   542, -   522,    +   518, -  1542,    +   542, -   528,
   +   518, -   530,    +   516, -  1576,    +   518, -  1568,    +   516, -  1570,
   +   516, -  1584,    +   516


LG2 | 28 bits | 0x8810089
Raw Timing[59]:
   +  3218, -  9904,    +   568, -  1554,    +   488, -   540,    +   542, -   504,
   +   542, -   522,    +   518, -  1542,    +   542, -   522,    +   516, -   530,
   +   516, -   504,    +   542, -   504,    +   514, -   540,    +   542, -   502,
   +   542, -  1570,    +   516, -   504,    +   542, -   530,    +   490, -   538,
   +   542, -   504,    +   542, -   530,    +   516, -   522,    +   516, -   522,
   +   516, -   522,    +   516, -  1542,    +   542, -   522,    +   516, -   504,
   +   542, -   522,    +   516, -  1568,    +   490, -   538,    +   542, -   522,
   +   518, -  1550,    +   542


LG2 | 28 bits | 0x88C0F50
Raw Timing[59]:
   +  3398, -  9910,    +   538, -  1576,    +   542, -   522,    +   516, -   522,
   +   516, -   504,    +   542, -  1544,    +   542, -   522,    +   516, -   522,
   +   516, -   530,    +   516, -  1570,    +   516, -  1550,    +   542, -   504,
   +   544, -   522,    +   516, -   504,    +   542, -   502,    +   544, -   520,
   +   516, -   530,    +   516, -  1568,    +   516, -  1562,    +   516, -  1576,
   +   516, -  1576,    +   516, -   504,    +   542, -  1562,    +   488, -   540,
   +   542, -  1544,    +   542, -   504,    +   542, -   504,    +   542, -   530,
   +   488, -   540,    +   542


LG2 | 28 bits | 0x88C0F61
Raw Timing[59]:
   +  3424, -  9894,    +   538, -  1560,    +   544, -   528,    +   516, -   522,
   +   516, -   504,    +   542, -  1542,    +   542, -   502,    +   542, -   522,
   +   516, -   522,    +   516, -  1550,    +   542, -  1542,    +   542, -   522,
   +   516, -   530,    +   516, -   522,    +   516, -   522,    +   516, -   502,
   +   544, -   522,    +   516, -  1570,    +   516, -  1550,    +   542, -  1542,
   +   542, -  1550,    +   542, -   530,    +   516, -  1576,    +   516, -  1560,
   +   518, -   530,    +   516, -   504,    +   542, -   504,    +   542, -   522,
   +   516, -  1570,    +   516


LG2 | 28 bits | 0x88C0F72
Raw Timing[59]:
   +  3428, -  9898,    +   538, -  1552,    +   542, -   502,    +   542, -   522,
   +   516, -   522,    +   516, -  1562,    +   516, -   522,    +   516, -   522,
   +   516, -   522,    +   518, -  1542,    +   542, -  1570,    +   516, -   502,
   +   544, -   522,    +   516, -   504,    +   542, -   502,    +   544, -   522,
   +   516, -   530,    +   516, -  1568,    +   516, -  1562,    +   516, -  1578,
   +   516, -  1576,    +   518, -   502,    +   542, -  1562,    +   488, -  1594,
   +   542, -  1568,    +   518, -   530,    +   516, -   522,    +   516, -  1560,
   +   516, -   504,    +   542


LG2 | 28 bits | 0x88C0F83
Raw Timing[59]:
   +  3428, -  9900,    +   536, -  1552,    +   542, -   522,    +   516, -   522,
   +   516, -   530,    +   516, -  1570,    +   516, -   504,    +   542, -   502,
   +   542, -   522,    +   516, -  1568,    +   518, -  1584,    +   516, -   522,
   +   516, -   530,    +   516, -   524,    +   516, -   502,    +   516, -   540,
   +   542, -   504,    +   542, -  1576,    +   516, -  1552,    +   514, -  1578,
   +   544, -  1560,    +   516, -  1568,    +   516, -   504,    +   544, -   502,
   +   542, -   530,    +   516, -   522,    +   516, -   502,    +   542, -  1570,
   +   516, -  1542,    +   544


LG2 | 28 bits | 0x88C0F50
Raw Timing[59]:
   +  3428, -  9888,    +   568, -  1570,    +   516, -   522,    +   516, -   522,
   +   516, -   504,    +   542, -  1550,    +   542, -   504,    +   542, -   522,
   +   516, -   504,    +   542, -  1560,    +   516, -  1570,    +   516, -   522,
   +   516, -   522,    +   516, -   522,    +   516, -   532,    +   516, -   504,
   +   542, -   522,    +   516, -  1562,    +   516, -  1558,    +   542, -  1552,
   +   542, -  1550,    +   514, -   540,    +   542, -  1570,    +   516, -   522,
   +   516, -  1578,    +   516, -   522,    +   516, -   504,    +   542, -   522,
   +   516, -   522,    +   488


LG2 | 28 bits | 0x88C0F61
Raw Timing[59]:
   +  3428, -  9900,    +   538, -  1558,    +   544, -   522,    +   516, -   504,
   +   542, -   504,    +   542, -  1560,    +   490, -   540,    +   542, -   502,
   +   542, -   522,    +   516, -  1584,    +   518, -  1576,    +   516, -   504,
   +   542, -   502,    +   544, -   522,    +   516, -   530,    +   516, -   524,
   +   516, -   504,    +   542, -  1560,    +   516, -  1562,    +   516, -  1560,
   +   516, -  1568,    +   518, -   530,    +   518, -  1550,    +   542, -  1550,
   +   544, -   502,    +   542, -   530,    +   516, -   530,    +   518, -   504,
   +   542, -  1550,    +   542


LG2 | 28 bits | 0x88C0F72
Raw Timing[59]:
   +  3428, -  9900,    +   536, -  1552,    +   542, -   504,    +   540, -   524,
   +   516, -   522,    +   516, -  1562,    +   516, -   522,    +   516, -   522,
   +   516, -   524,    +   516, -  1544,    +   540, -  1570,    +   516, -   504,
   +   542, -   522,    +   516, -   506,    +   540, -   504,    +   542, -   522,
   +   516, -   530,    +   516, -  1570,    +   516, -  1560,    +   516, -  1576,
   +   516, -  1578,    +   516, -   504,    +   542, -  1562,    +   512, -  1572,
   +   542, -  1568,    +   516, -   530,    +   516, -   522,    +   516, -  1562,
   +   516, -   504,    +   542


LG2 | 28 bits | 0x88C0F83
Raw Timing[59]:
   +  3422, -  9886,    +   570, -  1554,    +   518, -   520,    +   518, -   530,
   +   516, -   530,    +   516, -  1546,    +   542, -   502,    +   542, -   522,
   +   518, -   522,    +   516, -  1542,    +   542, -  1550,    +   544, -   522,
   +   516, -   530,    +   516, -   530,    +   518, -   504,    +   542, -   504,
   +   514, -   540,    +   542, -  1542,    +   544, -  1560,    +   518, -  1568,
   +   516, -  1550,    +   542, -  1550,    +   542, -   522,    +   516, -   530,
   +   516, -   522,    +   516, -   504,    +   542, -   530,    +   516, -  1550,
   +   544, -  1566,    +   518


LG2 | 28 bits | 0x88C0F50
Raw Timing[59]:
   +  3374, -  9946,    +   540, -  1558,    +   542, -   522,    +   516, -   504,
   +   540, -   504,    +   542, -  1562,    +   490, -   540,    +   540, -   506,
   +   540, -   522,    +   516, -  1586,    +   516, -  1578,    +   516, -   506,
   +   540, -   504,    +   542, -   522,    +   516, -   530,    +   516, -   522,
   +   516, -   504,    +   542, -  1562,    +   516, -  1560,    +   516, -  1562,
   +   516, -  1568,    +   516, -   530,    +   516, -  1552,    +   542, -   504,
   +   514, -  1594,    +   542, -   522,    +   516, -   530,    +   516, -   524,
   +   516, -   504,    +   514


LG2 | 28 bits | 0x88C0F61
Raw Timing[59]:
   +  3430, -  9910,    +   568, -  1554,    +   516, -   522,    +   518, -   520,
   +   516, -   522,    +   516, -  1542,    +   542, -   522,    +   516, -   522,
   +   516, -   504,    +   516, -  1586,    +   542, -  1576,    +   518, -   528,
   +   518, -   522,    +   488, -   538,    +   544, -   520,    +   518, -   528,
   +   518, -   520,    +   518, -  1568,    +   518, -  1568,    +   518, -  1560,
   +   516, -  1560,    +   518, -   520,    +   516, -  1576,    +   518, -  1550,
   +   542, -   502,    +   542, -   530,    +   518, -   522,    +   516, -   530,
   +   516, -  1576,    +   516


LG2 | 28 bits | 0x88C0F72
Raw Timing[59]:
   +  3428, -  9900,    +   538, -  1552,    +   542, -   522,    +   516, -   530,
   +   516, -   522,    +   490, -  1586,    +   542, -   522,    +   516, -   522,
   +   516, -   522,    +   516, -  1544,    +   542, -  1576,    +   516, -   522,
   +   516, -   524,    +   516, -   504,    +   542, -   522,    +   516, -   530,
   +   516, -   522,    +   516, -  1552,    +   542, -  1544,    +   542, -  1568,
   +   516, -  1584,    +   518, -   522,    +   516, -  1578,    +   516, -  1544,
   +   542, -  1550,    +   542, -   522,    +   516, -   522,    +   516, -  1542,
   +   516, -   538,    +   542


LG2 | 28 bits | 0x88C0F83
Raw Timing[59]:
   +  3428, -  9892,    +   514, -  1560,    +   542, -   530,    +   516, -   522,
   +   516, -   504,    +   542, -  1542,    +   542, -   504,    +   542, -   522,
   +   516, -   522,    +   516, -  1550,    +   542, -  1544,    +   542, -   522,
   +   516, -   530,    +   516, -   522,    +   518, -   522,    +   516, -   504,
   +   542, -   522,    +   516, -  1568,    +   518, -  1550,    +   542, -  1542,
   +   542, -  1550,    +   542, -  1568,    +   516, -   522,    +   516, -   528,
   +   516, -   530,    +   516, -   522,    +   516, -   504,    +   542, -  1560,
   +   516, -  1560,    +   516


LG2 | 28 bits | 0x88C0F50
Raw Timing[59]:
   +  3374, -  9944,    +   540, -  1558,    +   542, -   522,    +   516, -   504,
   +   542, -   504,    +   542, -  1562,    +   490, -   538,    +   542, -   504,
   +   542, -   522,    +   516, -  1584,    +   518, -  1576,    +   516, -   504,
   +   542, -   504,    +   542, -   522,    +   516, -   530,    +   516, -   522,
   +   516, -   504,    +   542, -  1560,    +   518, -  1560,    +   518, -  1560,
   +   518, -  1568,    +   516, -   530,    +   516, -  1552,    +   542, -   504,
   +   514, -  1594,    +   544, -   520,    +   516, -   530,    +   518, -   522,
   +   516, -   504,    +   516


LG2 | 28 bits | 0x88C0F61
Raw Timing[59]:
   +  3450, -  9898,    +   568, -  1570,    +   518, -   520,    +   516, -   522,
   +   516, -   530,    +   516, -  1568,    +   518, -   504,    +   542, -   504,
   +   542, -   522,    +   516, -  1568,    +   516, -  1584,    +   518, -   522,
   +   516, -   530,    +   516, -   522,    +   516, -   504,    +   514, -   540,
   +   542, -   504,    +   542, -  1576,    +   518, -  1576,    +   490, -  1578,
   +   542, -  1560,    +   516, -   522,    +   516, -  1576,    +   516, -  1542,
   +   542, -   522,    +   516, -   522,    +   518, -   520,    +   518, -   530,
   +   516, -  1550,    +   544


LG2 | 28 bits | 0x88C0F72
Raw Timing[59]:
   +  3450, -  9900,    +   538, -  1550,    +   544, -   522,    +   516, -   530,
   +   516, -   522,    +   490, -  1586,    +   542, -   520,    +   518, -   522,
   +   516, -   522,    +   516, -  1542,    +   544, -  1576,    +   518, -   520,
   +   518, -   522,    +   518, -   502,    +   542, -   522,    +   516, -   530,
   +   516, -   522,    +   518, -  1550,    +   542, -  1542,    +   542, -  1544,
   +   540, -  1584,    +   518, -   520,    +   518, -  1576,    +   518, -  1542,
   +   542, -  1550,    +   542, -   522,    +   516, -   522,    +   516, -  1542,
   +   514, -   540,    +   542


LG2 | 28 bits | 0x880834F
Raw Timing[59]:
   +  3690, -  9864,    +   558, -  1560,    +   542, -   530,    +   516, -   522,
   +   516, -   530,    +   516, -  1562,    +   516, -   522,    +   516, -   522,
   +   516, -   504,    +   542, -   524,    +   516, -   504,    +   542, -   504,
   +   542, -   522,    +   516, -  1568,    +   516, -   530,    +   516, -   530,
   +   516, -   522,    +   516, -   504,    +   542, -   504,    +   542, -  1568,
   +   516, -  1570,    +   516, -   504,    +   542, -  1562,    +   516, -   504,
   +   542, -   522,    +   488, -  1586,    +   542, -  1568,    +   516, -  1570,
   +   516, -  1550,    +   542


LG2 | 28 bits | 0x8810089
Raw Timing[59]:
   +  3214, -  9918,    +   538, -  1568,    +   544, -   502,    +   542, -   530,
   +   488, -   540,    +   542, -  1546,    +   542, -   502,    +   542, -   522,
   +   518, -   530,    +   516, -   504,    +   542, -   522,    +   516, -   522,
   +   518, -  1568,    +   518, -   528,    +   516, -   522,    +   518, -   520,
   +   516, -   530,    +   518, -   530,    +   516, -   504,    +   542, -   522,
   +   516, -   504,    +   514, -  1594,    +   542, -   522,    +   516, -   530,
   +   516, -   522,    +   490, -  1586,    +   542, -   522,    +   516, -   522,
   +   516, -  1550,    +   542


LG2 | 28 bits | 0x880834F
Raw Timing[59]:
   +  3450, -  9892,    +   538, -  1552,    +   542, -   504,    +   542, -   530,
   +   516, -   522,    +   488, -  1578,    +   514, -   540,    +   514, -   540,
   +   542, -   530,    +   516, -   522,    +   518, -   502,    +   542, -   530,
   +   516, -   504,    +   542, -  1560,    +   516, -   530,    +   516, -   504,
   +   542, -   530,    +   516, -   504,    +   542, -   504,    +   542, -  1550,
   +   542, -  1550,    +   544, -   522,    +   516, -  1560,    +   516, -   530,
   +   516, -   522,    +   516, -  1570,    +   516, -  1576,    +   516, -  1578,
   +   516, -  1550,    +   544


LG2 | 28 bits | 0x8810089
Raw Timing[59]:
   +  3242, -  9892,    +   538, -  1552,    +   544, -   520,    +   516, -   530,
   +   518, -   530,    +   516, -  1560,    +   516, -   530,    +   516, -   522,
   +   516, -   502,    +   516, -   540,    +   542, -   502,    +   542, -   530,
   +   518, -  1568,    +   516, -   504,    +   544, -   522,    +   516, -   502,
   +   544, -   522,    +   516, -   522,    +   518, -   502,    +   542, -   522,
   +   516, -   504,    +   542, -  1568,    +   490, -   538,    +   542, -   522,
   +   516, -   530,    +   518, -  1560,    +   518, -   522,    +   516, -   502,
   +   544, -  1568,    +   516


LG2 | 28 bits | 0x880834F
Raw Timing[59]:
   +  3450, -  9886,    +   568, -  1554,    +   516, -   522,    +   516, -   522,
   +   516, -   522,    +   516, -  1542,    +   544, -   520,    +   516, -   522,
   +   516, -   504,    +   516, -   538,    +   544, -   502,    +   542, -   522,
   +   516, -   522,    +   516, -  1568,    +   516, -   522,    +   516, -   532,
   +   516, -   504,    +   542, -   522,    +   516, -   522,    +   516, -  1558,
   +   542, -  1560,    +   488, -   540,    +   542, -  1570,    +   518, -   502,
   +   542, -   522,    +   516, -  1568,    +   516, -  1560,    +   516, -  1570,
   +   516, -  1542,    +   542


