LG2 | 28 bits | 0x880830B
Raw Timing[59]:
   +  3374, -  9902,    +   540, -  1532,    +   538, -   534,    +   512, -   526,
   +   512, -   508,    +   538, -  1548,    +   538, -   508,    +   538, -   526,
   +   510, -   528,    +   512, -   508,    +   538, -   534,    +   512, -   528,
   +   512, -   508,    +   538, -  1566,    +   510, -   518,    +   536, -   528,
   +   510, -   528,    +   512, -   508,    +   538, -   526,    +   512, -  1548,
   +   538, -  1554,    +   538, -   526,    +   510, -   508,    +   538, -   528,
   +   512, -   508,    +   538, -  1582,    +   512, -   508,    +   538, -  1572,
   +   514, -  1564,    +   514


LG2 | 28 bits | 0x8808394
Raw Timing[59]:
   +  3346, -  9922,    +   540, -  1532,    +   538, -   536,    +   510, -   528,
   +   510, -   510,    +   536, -  1548,    +   536, -   508,    +   538, -   528,
   +   510, -   528,    +   512, -   508,    +   536, -   536,    +   510, -   528,
   +   510, -   508,    +   536, -  1566,    +   512, -   518,    +   538, -   526,
   +   510, -   528,    +   510, -   508,    +   538, -   528,    +   510, -  1548,
   +   538, -  1556,    +   538, -  1580,    +   512, -   510,    +   536, -   528,
   +   512, -  1546,    +   538, -   526,    +   512, -  1572,    +   514, -   508,
   +   536, -   508,    +   538


LG2 | 28 bits | 0x880832D
Raw Timing[59]:
   +  3374, -  9904,    +   540, -  1524,    +   538, -   508,    +   538, -   528,
   +   510, -   528,    +   510, -  1566,    +   512, -   526,    +   510, -   528,
   +   512, -   526,    +   512, -   508,    +   538, -   528,    +   510, -   508,
   +   538, -   526,    +   512, -  1564,    +   514, -   526,    +   512, -   526,
   +   510, -   536,    +   510, -   534,    +   512, -   534,    +   512, -  1556,
   +   538, -  1572,    +   512, -   518,    +   538, -   534,    +   512, -  1564,
   +   512, -   526,    +   512, -  1574,    +   512, -  1556,    +   538, -   508,
   +   538, -  1548,    +   538


LG2 | 28 bits | 0x88083A5
Raw Timing[59]:
   +  3396, -  9926,    +   540, -  1558,    +   512, -   518,    +   538, -   508,
   +   536, -   528,    +   512, -  1548,    +   536, -   528,    +   512, -   534,
   +   512, -   508,    +   538, -   508,    +   536, -   518,    +   538, -   508,
   +   538, -   526,    +   512, -  1574,    +   512, -   536,    +   510, -   528,
   +   510, -   528,    +   512, -   508,    +   536, -   528,    +   512, -  1548,
   +   538, -  1572,    +   514, -  1572,    +   514, -   526,    +   510, -  1556,
   +   538, -   524,    +   514, -   534,    +   510, -  1558,    +   538, -   508,
   +   538, -  1574,    +   512


LG2 | 28 bits | 0x880834F
Raw Timing[59]:
   +  3400, -  9920,    +   542, -  1524,    +   538, -   526,    +   512, -   536,
   +   510, -   518,    +   538, -  1574,    +   512, -   508,    +   538, -   526,
   +   512, -   534,    +   512, -   508,    +   538, -   526,    +   512, -   526,
   +   512, -   526,    +   512, -  1554,    +   538, -   526,    +   512, -   526,
   +   512, -   534,    +   512, -   536,    +   512, -   508,    +   538, -  1574,
   +   514, -  1570,    +   514, -   526,    +   512, -  1572,    +   514, -   534,
   +   512, -   526,    +   512, -  1572,    +   514, -  1564,    +   514, -  1572,
   +   514, -  1580,    +   514


LG2 | 28 bits | 0x8808350
Raw Timing[59]:
   +  3400, -  9898,    +   566, -  1524,    +   538, -   526,    +   512, -   534,
   +   512, -   508,    +   536, -  1566,    +   514, -   508,    +   538, -   526,
   +   512, -   526,    +   512, -   508,    +   538, -   526,    +   512, -   526,
   +   512, -   528,    +   512, -  1554,    +   538, -   526,    +   512, -   508,
   +   538, -   528,    +   512, -   534,    +   512, -   508,    +   538, -  1580,
   +   512, -  1564,    +   514, -   526,    +   512, -  1572,    +   514, -   526,
   +   512, -  1580,    +   514, -   508,    +   538, -   534,    +   512, -   526,
   +   514, -   508,    +   538


LG2 | 28 bits | 0x880830B
Raw Timing[59]:
   +  3370, -  9922,    +   540, -  1558,    +   512, -   528,    +   504, -   534,
   +   512, -   526,    +   512, -  1574,    +   510, -   528,    +   512, -   526,
   +   478, -   594,    +   484, -   570,    +   484, -   536,    +   510, -   528,
   +   510, -   528,    +   508, -  1576,    +   512, -   526,    +   512, -   536,
   +   510, -   534,    +   508, -   530,    +   510, -   554,    +   474, -  1600,
   +   512, -  1564,    +   512, -   542,    +   512, -   536,    +   510, -   528,
   +   502, -   550,    +   512, -  1574,    +   510, -   546,    +   500, -  1590,
   +   512, -  1574,    +   512


LG2 | 28 bits | 0x8808394
Raw Timing[59]:
   +  3344, -  9928,    +   538, -  1554,    +   512, -   534,    +   510, -   554,
   +   486, -   526,    +   510, -  1566,    +   512, -   526,    +   512, -   528,
   +   500, -   562,    +   486, -   534,    +   512, -   530,    +   500, -   544,
   +   510, -   528,    +   486, -  1592,    +   512, -   528,    +   500, -   536,
   +   512, -   534,    +   504, -   542,    +   512, -   534,    +   508, -  1582,
   +   512, -  1574,    +   514, -  1588,    +   512, -   534,    +   510, -   528,
   +   510, -  1582,    +   512, -   536,    +   510, -  1568,    +   512, -   536,
   +   502, -   534,    +   512


