LG2 | 28 bits | 0x880B252
Raw Timing[59]:
   +  3164, -  9916,    +   564, -  1566,    +   512, -   508,    +   536, -   528,
   +   510, -   510,    +   536, -  1574,    +   510, -   528,    +   510, -   528,
   +   510, -   528,    +   510, -   508,    +   536, -   528,    +   512, -   536,
   +   510, -   510,    +   536, -  1548,    +   538, -   528,    +   510, -  1574,
   +   512, -  1548,    +   536, -   528,    +   510, -   508,    +   538, -  1574,
   +   512, -   516,    +   536, -   528,    +   512, -  1574,    +   510, -   518,
   +   536, -  1574,    +   510, -   528,    +   510, -   536,    +   510, -  1582,
   +   512, -   526,    +   510


LG2 | 28 bits | 0x8809902
Raw Timing[59]:
   +  3210, -  9914,    +   540, -  1574,    +   512, -   526,    +   510, -   528,
   +   512, -   534,    +   512, -  1574,    +   512, -   508,    +   536, -   518,
   +   536, -   518,    +   538, -   536,    +   510, -   528,    +   512, -   508,
   +   538, -   534,    +   512, -  1554,    +   538, -   526,    +   512, -   508,
   +   538, -  1564,    +   514, -  1580,    +   514, -   526,    +   512, -   508,
   +   538, -  1566,    +   514, -   506,    +   538, -   528,    +   512, -   508,
   +   538, -   526,    +   512, -   508,    +   538, -   526,    +   512, -  1574,
   +   512, -   508,    +   538


LG2 | 28 bits | 0x880A341
Raw Timing[59]:
   +  3188, -  9916,    +   566, -  1532,    +   538, -   534,    +   512, -   528,
   +   512, -   508,    +   538, -  1574,    +   512, -   508,    +   538, -   536,
   +   512, -   508,    +   538, -   526,    +   512, -   534,    +   512, -   508,
   +   538, -   508,    +   538, -  1582,    +   512, -   526,    +   512, -  1580,
   +   514, -   526,    +   512, -   526,    +   512, -   534,    +   512, -  1556,
   +   538, -  1554,    +   540, -   526,    +   512, -  1564,    +   512, -   534,
   +   512, -   526,    +   512, -   528,    +   512, -   508,    +   538, -   508,
   +   536, -  1564,    +   538


LG2 | 28 bits | 0x8808394
Raw Timing[59]:
   +  3372, -  9912,    +   540, -  1526,    +   538, -   508,    +   538, -   526,
   +   512, -   526,    +   512, -  1564,    +   512, -   526,    +   512, -   526,
   +   512, -   528,    +   512, -   508,    +   538, -   528,    +   512, -   508,
   +   538, -   526,    +   512, -  1564,    +   512, -   526,    +   512, -   526,
   +   510, -   536,    +   512, -   534,    +   512, -   534,    +   512, -  1556,
   +   538, -  1574,    +   510, -  1564,    +   538, -   508,    +   538, -   528,
   +   510, -  1582,    +   512, -   534,    +   512, -  1566,    +   512, -   508,
   +   538, -   526,    +   512


UNKNOWN | 22 bits | 0x5A07701
Raw Timing[43]:
   +   808, -   668,    +   286, -   262,    +   282, -   468,    +   284, -  9992,
   +   282, -  2834,    +   284, -  1834,    +   272, -  2802,    +   458, -   768,
   +   308, -  2830,    +   286, -  6824,    +   280, -  1902,    +   304, -   724,
   +   284, -   864,    +   306, -  1654,    +   394, -   700,    +   284, -   674,
   +   284, -  1818,    +   416, -   710,    +   270, -  1812,    +   328, -   820,
   +   286, -   594,    +   282


UNKNOWN | 29 bits | 0x5A1BBCCE
Raw Timing[57]:
   +  3120, - 10064,    +   442, -  1648,    +   392, -   592,    +   508, -   562,
   +   472, -   632,    +   394, -  2680,    +   460, -   590,    +   462, -   660,
   +   282, -   708,    +   452, -   516,    +   466, -   654,    +   470, -   548,
   +   466, -  1648,    +   440, -   630,    +   428, -   650,    +   376, -  1770,
   +   308, -  1656,    +   464, -   666,    +   416, -   506,    +   472, -  1612,
   +   506, -   646,    +   392, -   652,    +   388, -   564,    +   420, -   626,
   +   402, -   718,    +   284, -   962,    +   298, -  1480,    +   466, -   608,
   +   440


UNKNOWN | 28 bits | 0x11C72BA9
Raw Timing[55]:
   +  3088, - 10100,    +   282, -  1946,    +   280, -   642,    +   282, -   814,
   +   332, -   742,    +   306, -  1582,    +   472, -   564,    +   470, -   622,
   +   416, -   596,    +   438, -   614,    +   436, -   822,    +   286, -   700,
   +   312, -   568,    +   428, -  1866,    +   308, -   642,    +   338, -  1752,
   +   312, -   664,    +   380, -  1636,    +   456, -  1666,    +   278, -  1882,
   +   282, -   652,    +   482, -  1624,    +   414, -   620,    +   396, -   888,
   +   284, -   644,    +   336, -   748,    +   278, -  2752,    +   282


UNKNOWN | 28 bits | 0x5D43A78B
Raw Timing[55]:
   +  3188, - 10086,    +   282, -  1704,    +   444, -   576,    +   468, -   804,
   +   284, -   798,    +   298, -  1686,    +   270, -   634,    +   432, -   774,
   +   310, -   690,    +   306, -   590,    +   382, -   678,    +   388, -   606,
   +   440, -   624,    +   444, -  1840,    +   310, -   524,    +   282, -   762,
   +   432, -   578,    +   498, -   600,    +   446, -   628,    +   404, -  1694,
   +   284, -  1718,    +   444, -  1682,    +   270, -  2028,    +   278, -  1656,
   +   284, -   740,    +   394, -  1598,    +   498, -  1720,    +   280


