--- reader attached 02:40:41 ---
--- attached 02:42:11 ---
--- attached 02:42:47 ---
UNKNOWN | 30 bits | 0x1035C9DA
Raw Timing[59]:
   +  3208, -  9896,    +   602, -  1522,    +   548, -   498,    +   548, -   470,
   +   576, -   470,    +   576, -  1528,    +   550, -   470,    +   576, -   490,
   +   550, -   490,    +   548, -  1516,    +   576, -  1528,    +   550, -   470,
   +   576, -   490,    +   548, -   498,    +   548, -   470,    +   576, -   470,
   +   576, -   490,    +   548, -   498,    +   548, -   470,    +   576, -   498,
   +   548, -   470,    +   576, -   498,    +   548, -  1536,    +   550, -   498,
   +   548, -  1518,    +   576, -   490,    +   552, -   474,    +   576, -   498,
   +   548, -  1510,    +   576


LG2 | 28 bits | 0x8800606
Raw Timing[59]:
   +  3364, -  9960,    +   534, -  1554,    +   508, -   556,    +   484, -   536,
   +   510, -   564,    +   508, -  1540,    +   508, -   536,    +   510, -   526,
   +   512, -   554,    +   484, -   536,    +   508, -   530,    +   510, -   538,
   +   498, -   548,    +   500, -   536,    +   534, -   538,    +   482, -   532,
   +   508, -   564,    +   482, -   538,    +   500, -  1610,    +   484, -  1576,
   +   510, -   528,    +   510, -   528,    +   510, -   528,    +   512, -   526,
   +   510, -   562,    +   484, -   528,    +   508, -  1578,    +   510, -  1582,
   +   510, -   536,    +   510


LG2 | 28 bits | 0x88C0051
Raw Timing[59]:
   +  3162, -  9940,    +   568, -  1572,    +   514, -   524,    +   514, -   524,
   +   516, -   532,    +   514, -  1578,    +   516, -   524,    +   514, -   532,
   +   514, -   524,    +   514, -  1570,    +   514, -  1562,    +   516, -   522,
   +   514, -   532,    +   514, -   506,    +   540, -   506,    +   540, -   524,
   +   514, -   532,    +   514, -   524,    +   514, -   506,    +   540, -   506,
   +   542, -   522,    +   514, -   532,    +   516, -  1544,    +   540, -   532,
   +   514, -  1570,    +   514, -   524,    +   486, -   542,    +   540, -   532,
   +   514, -  1570,    +   516


LG2 | 28 bits | 0x8800606
Raw Timing[59]:
   +  3448, -  9894,    +   536, -  1554,    +   542, -   504,    +   542, -   524,
   +   514, -   532,    +   488, -  1588,    +   540, -   506,    +   540, -   506,
   +   540, -   524,    +   514, -   524,    +   516, -   504,    +   542, -   522,
   +   514, -   524,    +   516, -   524,    +   514, -   504,    +   542, -   522,
   +   516, -   522,    +   514, -   524,    +   514, -  1570,    +   514, -  1570,
   +   514, -   524,    +   514, -   524,    +   514, -   504,    +   542, -   524,
   +   514, -   504,    +   542, -   522,    +   516, -  1570,    +   516, -  1542,
   +   542, -   524,    +   516


LG2 | 28 bits | 0x880850D
Raw Timing[59]:
   +  3398, -  9922,    +   542, -  1556,    +   514, -   542,    +   512, -   534,
   +   514, -   526,    +   512, -  1580,    +   514, -   524,    +   514, -   540,
   +   512, -   526,    +   512, -   526,    +   514, -   532,    +   512, -   534,
   +   486, -   552,    +   512, -  1582,    +   512, -   528,    +   512, -   532,
   +   512, -   528,    +   510, -   528,    +   512, -  1574,    +   512, -   526,
   +   512, -  1582,    +   512, -   526,    +   514, -   524,    +   512, -   526,
   +   512, -   534,    +   512, -  1566,    +   512, -  1572,    +   512, -   526,
   +   514, -  1570,    +   510


LG2 | 28 bits | 0x880840C
Raw Timing[59]:
   +  3374, -  9902,    +   538, -  1560,    +   512, -   534,    +   512, -   528,
   +   512, -   534,    +   508, -  1574,    +   512, -   526,    +   510, -   542,
   +   510, -   536,    +   476, -   562,    +   510, -   534,    +   502, -   570,
   +   460, -   560,    +   510, -  1542,    +   526, -   544,    +   514, -   534,
   +   500, -   544,    +   512, -   534,    +   502, -  1588,    +   512, -   526,
   +   514, -   524,    +   500, -   546,    +   510, -   536,    +   502, -   536,
   +   510, -   560,    +   486, -  1564,    +   512, -  1564,    +   510, -   530,
   +   484, -   560,    +   512


