UNKNOWN | 13 bits | 0x8A8021C3
Raw Timing[25]:
   +   864, -   230,    +   330, -  1082,    +   528, - 15630,    +   272, -  1972,
   +   272, -  3778,    +   314, -  4848,    +   356, -   858,    +   272, -   584,
   +   286, -  1722,    +   346, -  3026,    +   298, -   684,    +   296, -  3914,
   +   312


UNKNOWN | 8 bits | 0xEBDA2853
Raw Timing[15]:
   +  1026, -   278,    +   450, -   412,    +   308, -  9962,    +   272, -  8270,
   +   272, -  2774,    +   280, -  7994,    +   282, -  3960,    +   236


UNKNOWN | 9 bits | 0x3D0624C7
Raw Timing[17]:
   +   268, -  1198,    +   278, - 11660,    +   272, - 10232,    +   284, -   688,
   +   284, -   700,    +   396, -  9232,    +   286, -  1700,    +   294, - 13306,
   +   286


LG2 | 28 bits | 0x880815E
Raw Timing[59]:
   +  3420, -  9938,    +   540, -  1524,    +   538, -   526,    +   512, -   536,
   +   512, -   508,    +   538, -  1574,    +   512, -   536,    +   512, -   526,
   +   510, -   526,    +   512, -   528,    +   510, -   518,    +   538, -   508,
   +   538, -   508,    +   538, -  1572,    +   514, -   508,    +   538, -   528,
   +   510, -   508,    +   538, -   526,    +   512, -   526,    +   512, -   534,
   +   512, -  1580,    +   514, -   526,    +   512, -  1572,    +   512, -   526,
   +   512, -  1588,    +   512, -  1580,    +   514, -  1546,    +   538, -  1572,
   +   512, -   508,    +   538


LG2 | 28 bits | 0x880825F
Raw Timing[59]:
   +  3424, -  9916,    +   540, -  1524,    +   538, -   526,    +   510, -   536,
   +   510, -   518,    +   536, -  1566,    +   512, -   526,    +   512, -   528,
   +   512, -   508,    +   536, -   518,    +   538, -   508,    +   538, -   526,
   +   512, -   526,    +   510, -  1572,    +   514, -   526,    +   512, -   534,
   +   512, -   508,    +   538, -   526,    +   512, -   528,    +   512, -  1562,
   +   538, -   526,    +   512, -   526,    +   512, -  1564,    +   512, -   526,
   +   512, -  1572,    +   514, -  1580,    +   514, -  1580,    +   514, -  1554,
   +   538, -  1546,    +   538


LG2 | 28 bits | 0x8808350
Raw Timing[59]:
   +  3420, -  9904,    +   564, -  1526,    +   538, -   508,    +   536, -   536,
   +   510, -   528,    +   512, -  1572,    +   514, -   526,    +   512, -   526,
   +   512, -   528,    +   510, -   508,    +   538, -   526,    +   512, -   526,
   +   512, -   528,    +   510, -  1556,    +   538, -   526,    +   512, -   508,
   +   536, -   528,    +   510, -   528,    +   510, -   508,    +   536, -  1582,
   +   512, -  1572,    +   512, -   534,    +   512, -  1582,    +   512, -   526,
   +   512, -  1582,    +   512, -   508,    +   536, -   536,    +   512, -   526,
   +   512, -   508,    +   536


LG2 | 28 bits | 0x8808451
Raw Timing[59]:
   +  3450, -  9930,    +   540, -  1558,    +   514, -   526,    +   512, -   528,
   +   510, -   518,    +   538, -  1548,    +   538, -   508,    +   538, -   526,
   +   512, -   526,    +   512, -   508,    +   538, -   526,    +   512, -   526,
   +   512, -   528,    +   512, -  1554,    +   538, -   526,    +   512, -   508,
   +   538, -   526,    +   512, -   534,    +   512, -  1554,    +   538, -   526,
   +   512, -   534,    +   512, -   534,    +   512, -  1564,    +   514, -   526,
   +   512, -  1580,    +   514, -   508,    +   538, -   526,    +   512, -   526,
   +   512, -  1572,    +   512


LG2 | 28 bits | 0x8808552
Raw Timing[59]:
   +  3424, -  9926,    +   540, -  1526,    +   538, -   508,    +   538, -   534,
   +   512, -   526,    +   512, -  1572,    +   512, -   526,    +   512, -   526,
   +   512, -   528,    +   512, -   508,    +   538, -   526,    +   510, -   528,
   +   510, -   528,    +   512, -  1556,    +   538, -   528,    +   512, -   508,
   +   538, -   526,    +   512, -   528,    +   512, -  1546,    +   538, -   526,
   +   512, -  1580,    +   514, -   526,    +   512, -  1572,    +   512, -   534,
   +   512, -  1554,    +   538, -   526,    +   514, -   508,    +   538, -  1582,
   +   512, -   528,    +   512


LG2 | 28 bits | 0x8808653
Raw Timing[59]:
   +  3422, -  9896,    +   566, -  1564,    +   514, -   526,    +   512, -   508,
   +   538, -   528,    +   512, -  1554,    +   538, -   526,    +   512, -   534,
   +   510, -   536,    +   510, -   528,    +   510, -   518,    +   538, -   526,
   +   512, -   526,    +   512, -  1554,    +   538, -   526,    +   512, -   508,
   +   538, -   526,    +   512, -   528,    +   510, -  1556,    +   538, -  1564,
   +   514, -   526,    +   512, -   508,    +   538, -  1564,    +   514, -   508,
   +   538, -  1574,    +   512, -   526,    +   512, -   534,    +   512, -  1564,
   +   538, -  1580,    +   514


LG2 | 28 bits | 0x8808754
Raw Timing[59]:
   +  3396, -  9918,    +   540, -  1564,    +   512, -   528,    +   510, -   510,
   +   536, -   528,    +   510, -  1556,    +   538, -   526,    +   510, -   536,
   +   512, -   534,    +   512, -   528,    +   510, -   518,    +   538, -   526,
   +   512, -   526,    +   512, -  1554,    +   538, -   526,    +   510, -   508,
   +   538, -   528,    +   510, -   528,    +   510, -  1556,    +   538, -  1564,
   +   514, -  1580,    +   512, -   508,    +   538, -  1566,    +   510, -   518,
   +   538, -  1554,    +   538, -   526,    +   512, -  1546,    +   538, -   526,
   +   512, -   526,    +   510


LG2 | 28 bits | 0x8808855
Raw Timing[59]:
   +  3400, -  9936,    +   540, -  1540,    +   538, -   508,    +   538, -   536,
   +   510, -   516,    +   538, -  1566,    +   512, -   528,    +   512, -   528,
   +   510, -   510,    +   536, -   518,    +   538, -   508,    +   538, -   526,
   +   512, -   528,    +   510, -  1572,    +   514, -   526,    +   512, -   536,
   +   512, -   508,    +   538, -  1572,    +   514, -   526,    +   512, -   526,
   +   510, -   536,    +   512, -   526,    +   512, -  1572,    +   512, -   526,
   +   512, -  1572,    +   514, -   534,    +   512, -  1580,    +   512, -   526,
   +   512, -  1548,    +   538


LG2 | 28 bits | 0x8808956
Raw Timing[59]:
   +  3422, -  9934,    +   540, -  1540,    +   538, -   508,    +   538, -   536,
   +   510, -   516,    +   538, -  1566,    +   512, -   528,    +   510, -   528,
   +   512, -   508,    +   536, -   518,    +   538, -   508,    +   538, -   526,
   +   512, -   526,    +   512, -  1572,    +   512, -   526,    +   512, -   536,
   +   512, -   508,    +   538, -  1574,    +   512, -   526,    +   512, -   526,
   +   512, -  1572,    +   514, -   526,    +   512, -  1554,    +   538, -   534,
   +   512, -  1580,    +   514, -   526,    +   512, -  1572,    +   512, -  1556,
   +   538, -   508,    +   536


LG2 | 28 bits | 0x8808A57
Raw Timing[59]:
   +  3400, -  9912,    +   566, -  1580,    +   514, -   526,    +   512, -   534,
   +   512, -   534,    +   512, -  1564,    +   514, -   526,    +   512, -   526,
   +   512, -   508,    +   538, -   526,    +   512, -   526,    +   514, -   508,
   +   538, -   526,    +   512, -  1566,    +   512, -   508,    +   538, -   508,
   +   538, -   528,    +   512, -  1546,    +   538, -   534,    +   512, -  1572,
   +   514, -   508,    +   538, -   526,    +   512, -  1546,    +   538, -   508,
   +   538, -  1574,    +   512, -   526,    +   512, -  1580,    +   512, -  1580,
   +   512, -  1564,    +   538


LG2 | 28 bits | 0x8808B58
Raw Timing[59]:
   +  3212, -  9898,    +   564, -  1526,    +   538, -   508,    +   536, -   528,
   +   510, -   528,    +   512, -  1548,    +   538, -   526,    +   512, -   534,
   +   512, -   508,    +   538, -   510,    +   536, -   518,    +   536, -   508,
   +   538, -   526,    +   512, -  1574,    +   512, -   534,    +   512, -   526,
   +   512, -   526,    +   512, -  1548,    +   538, -   516,    +   538, -  1582,
   +   514, -  1546,    +   538, -   526,    +   512, -  1580,    +   514, -   508,
   +   538, -  1574,    +   512, -  1566,    +   512, -   526,    +   510, -   528,
   +   510, -   526,    +   512


LG2 | 28 bits | 0x8808C59
Raw Timing[59]:
   +  3212, -  9916,    +   562, -  1558,    +   512, -   526,    +   512, -   526,
   +   512, -   528,    +   512, -  1548,    +   538, -   508,    +   536, -   528,
   +   512, -   526,    +   512, -   508,    +   538, -   534,    +   512, -   526,
   +   512, -   508,    +   536, -  1566,    +   512, -   518,    +   538, -   526,
   +   512, -   528,    +   510, -  1548,    +   538, -  1564,    +   512, -   526,
   +   510, -   528,    +   512, -   508,    +   536, -  1582,    +   512, -   526,
   +   510, -  1582,    +   512, -  1580,    +   514, -   526,    +   512, -   536,
   +   510, -  1564,    +   512


LG2 | 28 bits | 0x8808D5A
Raw Timing[59]:
   +  3188, -  9908,    +   562, -  1574,    +   514, -   526,    +   510, -   528,
   +   512, -   534,    +   510, -  1574,    +   514, -   508,    +   538, -   526,
   +   510, -   536,    +   510, -   508,    +   536, -   528,    +   512, -   526,
   +   512, -   528,    +   510, -  1556,    +   538, -   526,    +   512, -   528,
   +   510, -   536,    +   510, -  1582,    +   512, -  1572,    +   512, -   534,
   +   512, -  1580,    +   512, -   526,    +   510, -  1584,    +   510, -   518,
   +   538, -  1582,    +   512, -  1556,    +   538, -   508,    +   538, -  1582,
   +   512, -   526,    +   512


LG2 | 28 bits | 0x8808E5B
Raw Timing[59]:
   +  3190, -  9900,    +   566, -  1574,    +   512, -   526,    +   512, -   528,
   +   510, -   508,    +   538, -  1574,    +   512, -   508,    +   538, -   526,
   +   512, -   534,    +   512, -   534,    +   510, -   528,    +   512, -   508,
   +   538, -   534,    +   512, -  1572,    +   512, -   534,    +   512, -   528,
   +   510, -   508,    +   538, -  1566,    +   512, -  1546,    +   538, -  1580,
   +   512, -   508,    +   536, -   528,    +   512, -  1548,    +   538, -   508,
   +   538, -  1580,    +   512, -  1580,    +   514, -   534,    +   512, -  1572,
   +   514, -  1582,    +   512


LG2 | 28 bits | 0x8808F5C
Raw Timing[59]:
   +  3186, -  9914,    +   566, -  1524,    +   538, -   526,    +   512, -   526,
   +   512, -   534,    +   510, -  1574,    +   512, -   508,    +   538, -   526,
   +   512, -   536,    +   512, -   508,    +   538, -   526,    +   512, -   526,
   +   512, -   526,    +   512, -  1554,    +   538, -   526,    +   510, -   528,
   +   512, -   534,    +   512, -  1580,    +   512, -  1572,    +   514, -  1580,
   +   514, -  1572,    +   514, -   526,    +   512, -  1564,    +   514, -   526,
   +   512, -  1546,    +   538, -  1564,    +   514, -  1564,    +   514, -   508,
   +   538, -   508,    +   538


LG2 | 28 bits | 0x880825F
Raw Timing[59]:
   +  3398, -  9934,    +   512, -  1578,    +   512, -   534,    +   510, -   538,
   +   484, -   552,    +   502, -  1582,    +   512, -   526,    +   502, -   562,
   +   484, -   530,    +   500, -   544,    +   510, -   528,    +   510, -   528,
   +   504, -   534,    +   512, -  1580,    +   510, -   530,    +   512, -   534,
   +   510, -   530,    +   500, -   538,    +   510, -   536,    +   510, -  1582,
   +   512, -   554,    +   486, -   534,    +   510, -  1582,    +   512, -   532,
   +   538, -  1548,    +   512, -  1566,    +   512, -  1580,    +   514, -  1564,
   +   512, -  1572,    +   512


LG2 | 28 bits | 0x8808350
Raw Timing[59]:
   +  3394, -  9936,    +   538, -  1568,    +   512, -   534,    +   514, -   536,
   +   510, -   542,    +   510, -  1566,    +   512, -   528,    +   510, -   530,
   +   510, -   536,    +   510, -   542,    +   500, -   570,    +   486, -   554,
   +   486, -   528,    +   500, -  1584,    +   512, -   526,    +   510, -   536,
   +   484, -   560,    +   514, -   526,    +   500, -   536,    +   512, -  1588,
   +   512, -  1564,    +   512, -   528,    +   510, -  1566,    +   526, -   544,
   +   512, -  1564,    +   512, -   526,    +   512, -   526,    +   510, -   538,
   +   500, -   544,    +   510


