LG2 | 28 bits | 0x88C00A6
Raw Timing[59]:
   +  3398, -  9912,    +   542, -  1556,    +   514, -   532,    +   512, -   526,
   +   514, -   534,    +   512, -  1572,    +   516, -   540,    +   514, -   526,
   +   512, -   540,    +   512, -  1580,    +   514, -  1564,    +   512, -   534,
   +   514, -   532,    +   514, -   532,    +   514, -   532,    +   512, -   534,
   +   514, -   532,    +   512, -   536,    +   500, -   544,    +   504, -   544,
   +   514, -   532,    +   512, -  1572,    +   514, -   532,    +   512, -  1588,
   +   514, -   524,    +   516, -   524,    +   504, -  1588,    +   512, -  1564,
   +   516, -   538,    +   514


LG2 | 28 bits | 0x88C00A6
Raw Timing[59]:
   +  3402, -  9898,    +   568, -  1562,    +   518, -   522,    +   518, -   502,
   +   544, -   528,    +   516, -  1576,    +   518, -   522,    +   516, -   530,
   +   516, -   522,    +   516, -  1568,    +   518, -  1560,    +   516, -   504,
   +   542, -   502,    +   542, -   522,    +   516, -   502,    +   542, -   522,
   +   518, -   528,    +   518, -   522,    +   516, -   504,    +   542, -   522,
   +   516, -   522,    +   518, -  1568,    +   518, -   502,    +   544, -  1584,
   +   518, -   520,    +   518, -   522,    +   490, -  1576,    +   544, -  1560,
   +   490, -   538,    +   544


LG2 | 28 bits | 0x88C00A6
Raw Timing[59]:
   +  3404, -  9888,    +   570, -  1528,    +   514, -   538,    +   544, -   522,
   +   518, -   502,    +   542, -  1576,    +   516, -   530,    +   516, -   522,
   +   518, -   522,    +   490, -  1576,    +   544, -  1560,    +   518, -   528,
   +   518, -   520,    +   518, -   530,    +   516, -   522,    +   516, -   530,
   +   490, -   538,    +   544, -   502,    +   544, -   520,    +   516, -   522,
   +   518, -   520,    +   518, -  1568,    +   518, -   520,    +   516, -  1570,
   +   516, -   520,    +   518, -   522,    +   516, -  1576,    +   518, -  1576,
   +   516, -   522,    +   516


